abortpar> ;
--- Output: O
abortpar> ;
--- Output: O
abortpar> I;
--- Output:
abortpar> ;
--- Output:
abortpar> ;
--- Output:
