abortpre> ;
--- Output: S
abortpre> ;
--- Output:
abortpre> ;
--- Output: S
abortpre> ;
--- Output:
abortpre> ;
--- Output: S
