atom> ;
--- Output:
atom> ;
atom works!
--- Output:
atom> ;
atom works!
--- Output:
atom> ;
atom works!
--- Output:
atom> ;
atom works!
--- Output:
atom> ;
atom works!
--- Output:
atom> ;
atom works!
--- Output:
atom> ;
atom works!
--- Output:
atom> ;
atom works!
--- Output:
atom> ;
atom works!
--- Output:
