3
3
[ 'A(3)' ]
3
3
[ 'A(3)' ]
3
3
[ 'A(3)' ]
3
3
[ 'A(3)' ]
3
3
[ 'A(3)' ]
