atom> ;
--- Output:
atom> ;
atom works! value of L is foo bar
--- Output:
atom> ;
atom works! value of L is foo bar
--- Output:
atom> ;
atom works! value of L is foo bar
--- Output:
atom> ;
atom works! value of L is foo bar
--- Output:
atom> ;
atom works! value of L is foo bar
--- Output:
atom> ;
atom works! value of L is foo bar
--- Output:
atom> ;
atom works! value of L is foo bar
--- Output:
atom> ;
atom works! value of L is foo bar
--- Output:
atom> ;
atom works! value of L is foo bar
--- Output:
