awaitvalued> ;
--- Output:
awaitvalued> I(23);
foo called by O with value 23
--- Output: O(23)
awaitvalued> ;
--- Output:
