awaitimmediate> I;
--- Output: O
awaitimmediate> ;
--- Output:
awaitimmediate> ;
--- Output:
awaitimmediate> I;
--- Output: O
awaitimmediate> I;
--- Output: O
awaitimmediate> ;
--- Output:
