BUTTON> ;
--- Output: WATCH_MODE_COMMAND
BUTTON> LR;
--- Output: TOGGLE_24H_MODE_COMMAND
BUTTON> LR;
--- Output: TOGGLE_24H_MODE_COMMAND
BUTTON> ;
--- Output:
BUTTON> UL;
--- Output: ENTER_SET_WATCH_MODE_COMMAND
BUTTON> LL;
--- Output: NEXT_WATCH_TIME_POSITION_COMMAND
BUTTON> LR;
--- Output: SET_WATCH_COMMAND
BUTTON> LL;
--- Output: NEXT_WATCH_TIME_POSITION_COMMAND
BUTTON> UL;
--- Output: EXIT_SET_WATCH_MODE_COMMAND
BUTTON> LR;
--- Output: TOGGLE_24H_MODE_COMMAND
BUTTON> ;
--- Output:
BUTTON> LL;
--- Output: STOPWATCH_MODE_COMMAND
BUTTON> ;
--- Output:
BUTTON> LR;
--- Output: START_STOP_COMMAND
BUTTON> UR;
--- Output: LAP_COMMAND STOP_ALARM_BEEP_COMMAND
BUTTON> LR;
--- Output: START_STOP_COMMAND
BUTTON> ;
--- Output:
BUTTON> LL;
--- Output: ALARM_MODE_COMMAND
BUTTON> ;
--- Output:
BUTTON> LR;
--- Output: TOGGLE_CHIME_COMMAND
BUTTON> UR;
--- Output: TOGGLE_ALARM_COMMAND STOP_ALARM_BEEP_COMMAND
BUTTON> UL;
--- Output: ENTER_SET_ALARM_MODE_COMMAND
BUTTON> LR;
--- Output: SET_ALARM_COMMAND
BUTTON> LL;
--- Output: NEXT_ALARM_TIME_POSITION_COMMAND
BUTTON> LR;
--- Output: SET_ALARM_COMMAND
BUTTON> UL;
--- Output: EXIT_SET_ALARM_MODE_COMMAND
BUTTON> LR;
--- Output: TOGGLE_CHIME_COMMAND
BUTTON> UR;
--- Output: TOGGLE_ALARM_COMMAND STOP_ALARM_BEEP_COMMAND
BUTTON> ;
--- Output:
BUTTON> LL;
--- Output: WATCH_MODE_COMMAND
BUTTON> ;
--- Output:
