presentemit> ;
--- Output:
presentemit> ;
--- Output: I O
presentemit> ;
--- Output: I O
presentemit> ;
--- Output: I O
