emitvaluedlocal1> ;
--- Output: O(2)
emitvaluedlocal1> ;
--- Output: O(2)
emitvaluedlocal1> ;
--- Output: O(2)
