[ 'B(3)' ]
[ 'B(3)' ]
[ 'A', 'B(4)', 'C' ]
[ 'B(3)' ]
[ 'A', 'B(4)', 'C' ]
[ 'A', 'B(4)', 'C' ]
