every1> I;
--- Output:
every1> ;
--- Output:
every1> ;
--- Output:
every1> I;
--- Output: O
every1> I;
--- Output: O
every1> ;
--- Output:
every1> ;
--- Output:
