looppauseemit> ;
--- Output:
looppauseemit> I;
--- Output:
looppauseemit> I;
--- Output: S
looppauseemit> I;
--- Output:
looppauseemit> ;
--- Output: S
looppauseemit> ;
--- Output:
looppauseemit> ;
--- Output:
looppauseemit> I;
--- Output:
looppauseemit> ;
--- Output: S
looppauseemit> ;
--- Output:
