parallel2> ;
--- Output: J
parallel2> ;
--- Output:
parallel2> ;
--- Output:
