example2> ;
--- Output: T
example2> ;
--- Output: T V
example2> ;
--- Output: T V
example2> ;
--- Output: T V
example2> ;
--- Output: T V
