Oi.
[ 'O' ]
[]
[]
.......
Oi timeout.
[ 'OT(5)' ]
[]
