Oi.
[ 'O' ]
suspended.
[]
[]
[]
[]
resumed.
[]
[]
suspended.
[]
Oi timeout.
resumed.
[]
[ 'OT(5)' ]
[]
[]
