Oi.
[ 'O' ]
Oi.
[ 'O' ]
Oi timeout.
[]
Oi timeout.
[ 'OT(6)' ]
