mirror> ;
--- Output:
mirror> ;
--- Output:
mirror> I3(lala);
hi from bar signal O3 is set with value lala !
--- Output: O3("lala")
mirror> I4(34) I1 I3(hihihiihi);
hi from foo signal O1 is set!
hi from bar signal O3 is set with value hihihiihi !
hi from bar signal O4 is set with value 34 !
--- Output: O1 O3("hihihiihi") O4(34)
mirror> I4(5);
hi from bar signal O4 is set with value 5 !
--- Output: O4(5)
mirror> I4(5);
hi from bar signal O4 is set with value 5 !
--- Output: O4(5)
