P17> ;
--- Output:
P17> ;
--- Output:
P17> ;
--- Output:
