parvalued> ;
--- Output: J(5)
parvalued> ;
--- Output:
parvalued> ;
--- Output:
parvalued> ;
--- Output:
