REINIT
[ 'AUX(246)', 'O(5)' ]
REINIT
[ 'AUX(1)', 'O(3)' ]
REINIT
[ 'AUX(1)', 'O(3)' ]
REINIT
[ 'AUX(1)', 'O(3)' ]
