reincar> ;
--- Output:
reincar> ;
--- Output:
reincar> ;
--- Output:
reincar> ;
--- Output:
