m.inputAndReact(S)
[ 'S', 'A' ]
==================== ADD RUN PARALLEL ==================
m.inputAndReact(U)
[ 'U', 'A' ]
