1: 2
before2: 10
before2bis: 10
2: 100
after2: 10
3: 2
