will react
[ 'OK', 'O' ]
will react
[ 'OK', 'O' ]
will react
[ 'A', 'B', 'BBBB' ]
will react
[ 'OK', 'O', 'C' ]
will react
[ 'OK', 'O' ]
will react
[ 'A', 'B', 'BBBB' ]
will react
[ 'OK', 'O', 'C' ]
will react STOP
[ 'NEVER' ]
will react
[]
will react
[]
will react
[]
will react
[]
will react STOP
[ 'B' ]
will react
[ 'C' ]
will react
[]
m2
[]
[]
[ 'O' ]
[ 'O', 'V' ]
[]
m3
[]
[ 'O' ]
[]
[]
[]
m4
[ 'OK', 'O' ]
[]
[]
[]
[]
m5
[]
[]
[]
[]
[]
