not suspended!
[]
---------------------
not suspended!
[]
---------------------
[ 'S', 'E' ]
---------------------
[ 'E' ]
---------------------
[ 'E' ]
---------------------
not suspended!
[ 'R' ]
---------------------
not suspended!
[]
---------------------
not suspended!
[]
---------------------
