sustain1> ;
--- Output: J
sustain1> ;
--- Output: J
sustain1> ;
--- Output: J
sustain1> I;
--- Output: J K
sustain1> ;
--- Output: J
sustain1> ;
--- Output: J
sustain1> I;
--- Output: J K
sustain1> I;
--- Output: J K
sustain1> I;
--- Output: J K
sustain1> ;
--- Output: J
sustain1> ;
--- Output: J
