plop
[]
plop
[]
[ 'toogle' ]
[]
[]
plop
[ 'toogle' ]
plop
[]
plop
[]
