trapnested2> ;
--- Output: A D
trapnested2> ;
--- Output:
