trappar> ;
--- Output: A B
trappar> ;
--- Output:
trappar> ;
--- Output:
trappar> ;
--- Output:
