trappar3> ;
--- Output: S1_and_S2
trappar3> ;
--- Output: S1_and_S2
trappar3> ;
--- Output: S1_and_S2
trappar3> ;
--- Output: S1_and_S2
