trapsimple> ;
--- Output: A C
trapsimple> ;
--- Output:
