value1> ;
--- Output: O(15)
value1> ;
--- Output: O(15)
value1> ;
--- Output: O(15)
value1> ;
--- Output: O(15)
